// Jest Snapshot v1, https://goo.gl/fbAQLP

exports[`Running Test for Button it works 1`] = `
.c0 {
  display: -webkit-inline-box;
  display: -webkit-inline-flex;
  display: -ms-inline-flexbox;
  display: inline-flex;
  -webkit-align-items: center;
  -webkit-box-align: center;
  -ms-flex-align: center;
  align-items: center;
  -webkit-box-pack: center;
  -webkit-justify-content: center;
  -ms-flex-pack: center;
  justify-content: center;
  border: 1px solid transparent;
  margin: 0;
  -webkit-transition: border-color 0.25s ease-in-out,box-shadow 0.1s ease-in-out, background-color 0.25s ease-in-out,color 0.25s ease-in-out;
  transition: border-color 0.25s ease-in-out,box-shadow 0.1s ease-in-out, background-color 0.25s ease-in-out,color 0.25s ease-in-out;
  border-radius: 5px;
  margin: 0;
  cursor: pointer;
  overflow: hidden;
  -webkit-text-decoration: none;
  text-decoration: none;
  text-overflow: ellipsis;
  white-space: nowrap;
  font-family: inherit;
  font-weight: 500;
  padding: 12px 16px;
  font-size: 18px;
  background: inherit;
  border-color: #0891B2;
  color: #171717;
}

.c0:focus {
  outline: none;
}

.c0:disabled {
  cursor: default;
  background: #fafafa;
  color: #d4d4d4;
  border: #d4d4d4;
}

.c0:hover:not([disabled]) {
  background: transparent;
  border-color: #164E63;
}

<button
  class="c0"
  type="button"
>
  Click
</button>
`;
